2026-10-01 09:04:54,146 INFO    whalescan.api.gamma: market listing: 2000 markets so far
2026-10-01 09:04:57,676 INFO    whalescan.api.gamma: market listing: 4000 markets so far
2026-10-01 09:05:00,698 INFO    whalescan.api.gamma: market listing: 6000 markets so far
2026-10-01 09:05:03,816 INFO    whalescan.api.gamma: market listing: 8000 markets so far
2026-10-01 09:05:06,778 INFO    whalescan.api.gamma: market listing: 10000 markets so far
2026-10-01 09:05:09,725 INFO    whalescan.api.gamma: market listing: 12000 markets so far
2026-10-01 09:05:12,640 INFO    whalescan.api.gamma: market listing: 14000 markets so far
2026-10-01 09:05:15,887 INFO    whalescan.api.gamma: market listing: 16000 markets so far
2026-10-01 09:05:18,983 INFO    whalescan.api.gamma: market listing: 18000 markets so far
2026-10-01 09:05:21,938 INFO    whalescan.api.gamma: market listing: 20000 markets so far
2026-10-01 09:05:24,928 INFO    whalescan.api.gamma: market listing: 22000 markets so far
2026-10-01 09:05:27,954 INFO    whalescan.api.gamma: market listing: 24000 markets so far
2026-10-01 09:05:30,880 INFO    whalescan.api.gamma: market listing: 26000 markets so far
2026-10-01 09:05:33,885 INFO    whalescan.api.gamma: market listing: 28000 markets so far
2026-10-01 09:05:36,767 INFO    whalescan.api.gamma: market listing: 30000 markets so far
2026-10-01 09:05:39,794 INFO    whalescan.api.gamma: market listing: 32000 markets so far
2026-10-01 09:05:42,819 INFO    whalescan.api.gamma: market listing: 34000 markets so far
2026-10-01 09:05:45,848 INFO    whalescan.api.gamma: market listing: 36000 markets so far
2026-10-01 09:05:48,802 INFO    whalescan.api.gamma: market listing: 38000 markets so far
2026-10-01 09:05:51,990 INFO    whalescan.api.gamma: market listing: 40000 markets so far
2026-10-01 09:05:55,019 INFO    whalescan.api.gamma: market listing: 42000 markets so far
2026-10-01 09:05:58,097 INFO    whalescan.api.gamma: market listing: 44000 markets so far
2026-10-01 09:06:01,115 INFO    whalescan.api.gamma: market listing: 46000 markets so far
2026-10-01 09:06:04,154 INFO    whalescan.api.gamma: market listing: 48000 markets so far
2026-10-01 09:06:07,215 INFO    whalescan.api.gamma: market listing: 50000 markets so far
2026-10-01 09:06:10,430 INFO    whalescan.api.gamma: market listing: 52000 markets so far
2026-10-01 09:06:13,350 INFO    whalescan.api.gamma: market listing: 54000 markets so far
2026-10-01 09:06:16,380 INFO    whalescan.api.gamma: market listing: 56000 markets so far
2026-10-01 09:06:19,434 INFO    whalescan.api.gamma: market listing: 58000 markets so far
2026-10-01 09:06:22,554 INFO    whalescan.api.gamma: market listing: 60000 markets so far
2026-10-01 09:06:25,379 INFO    whalescan.api.gamma: market listing: 62000 markets so far
2026-10-01 09:06:28,323 INFO    whalescan.api.gamma: market listing: 64000 markets so far
2026-10-01 09:06:31,229 INFO    whalescan.api.gamma: market listing: 66000 markets so far
2026-10-01 09:06:34,460 INFO    whalescan.api.gamma: market listing: 68000 markets so far
2026-10-01 09:06:37,440 INFO    whalescan.api.gamma: market listing: 70000 markets so far
2026-10-01 09:06:40,510 INFO    whalescan.api.gamma: market listing: 72000 markets so far
2026-10-01 09:06:43,460 INFO    whalescan.api.gamma: market listing: 74000 markets so far
2026-10-01 09:06:46,566 INFO    whalescan.api.gamma: market listing: 76000 markets so far
2026-10-01 09:06:49,549 INFO    whalescan.api.gamma: market listing: 78000 markets so far
2026-10-01 09:06:52,460 INFO    whalescan.api.gamma: market listing: 80000 markets so far
2026-10-01 09:06:55,409 INFO    whalescan.api.gamma: market listing: 82000 markets so far
2026-10-01 09:06:58,385 INFO    whalescan.api.gamma: market listing: 84000 markets so far
2026-10-01 09:07:01,481 INFO    whalescan.api.gamma: market listing: 86000 markets so far
2026-10-01 09:07:04,507 INFO    whalescan.api.gamma: market listing: 88000 markets so far
2026-10-01 09:07:07,636 INFO    whalescan.api.gamma: market listing: 90000 markets so far
2026-10-01 09:07:10,889 INFO    whalescan.api.gamma: market listing: 92000 markets so far
2026-10-01 09:07:14,155 INFO    whalescan.api.gamma: market listing: 94000 markets so far
2026-10-01 09:07:17,278 INFO    whalescan.api.gamma: market listing: 96000 markets so far
2026-10-01 09:07:20,358 INFO    whalescan.api.gamma: market listing: 98000 markets so far
2026-10-01 09:07:23,433 INFO    whalescan.api.gamma: market listing: 100000 markets so far
2026-10-01 09:07:26,393 INFO    whalescan.api.gamma: market listing: 102000 markets so far
2026-10-01 09:07:29,466 INFO    whalescan.api.gamma: market listing: 104000 markets so far
2026-10-01 09:07:32,601 INFO    whalescan.api.gamma: market listing: 106000 markets so far
2026-10-01 09:07:35,612 INFO    whalescan.api.gamma: market listing: 108000 markets so far
2026-10-01 09:07:38,491 INFO    whalescan.api.gamma: market listing: 110000 markets so far
2026-10-01 09:07:41,451 INFO    whalescan.api.gamma: market listing: 112000 markets so far
2026-10-01 09:07:44,493 INFO    whalescan.api.gamma: market listing: 114000 markets so far
2026-10-01 09:07:47,552 INFO    whalescan.api.gamma: market listing: 116000 markets so far
2026-10-01 09:07:50,645 INFO    whalescan.api.gamma: market listing: 118000 markets so far
2026-10-01 09:07:53,578 INFO    whalescan.api.gamma: market listing: 120000 markets so far
2026-10-01 09:07:56,757 INFO    whalescan.api.gamma: market listing: 122000 markets so far
2026-10-01 09:07:59,590 INFO    whalescan.api.gamma: market listing: 124000 markets so far
2026-10-01 09:08:02,686 INFO    whalescan.api.gamma: market listing: 126000 markets so far
2026-10-01 09:08:05,780 INFO    whalescan.api.gamma: market listing: 128000 markets so far
2026-10-01 09:08:08,841 INFO    whalescan.api.gamma: market listing: 130000 markets so far
2026-10-01 09:08:11,966 INFO    whalescan.api.gamma: market listing: 132000 markets so far
2026-10-01 09:08:15,133 INFO    whalescan.api.gamma: market listing: 134000 markets so far
2026-10-01 09:08:18,120 INFO    whalescan.api.gamma: market listing: 136000 markets so far
2026-10-01 09:08:21,214 INFO    whalescan.api.gamma: market listing: 138000 markets so far
2026-10-01 09:08:24,247 INFO    whalescan.api.gamma: market listing: 140000 markets so far
2026-10-01 09:08:27,236 INFO    whalescan.api.gamma: market listing: 142000 markets so far
2026-10-01 09:08:30,262 INFO    whalescan.api.gamma: market listing: 144000 markets so far
2026-10-01 09:08:33,324 INFO    whalescan.api.gamma: market listing: 146000 markets so far
2026-10-01 09:08:36,532 INFO    whalescan.api.gamma: market listing: 148000 markets so far
2026-10-01 09:08:39,699 INFO    whalescan.api.gamma: market listing: 150000 markets so far
2026-10-01 09:08:42,751 INFO    whalescan.api.gamma: market listing: 152000 markets so far
2026-10-01 09:08:45,848 INFO    whalescan.api.gamma: market listing: 154000 markets so far
2026-10-01 09:08:49,333 INFO    whalescan.api.gamma: market listing: 156000 markets so far
2026-10-01 09:08:52,355 INFO    whalescan.api.gamma: market listing: 158000 markets so far
2026-10-01 09:08:55,360 INFO    whalescan.api.gamma: market listing: 160000 markets so far
2026-10-01 09:08:58,390 INFO    whalescan.api.gamma: market listing: 162000 markets so far
2026-10-01 09:09:01,562 INFO    whalescan.api.gamma: market listing: 164000 markets so far
2026-10-01 09:09:04,659 INFO    whalescan.api.gamma: market listing: 166000 markets so far
2026-10-01 09:09:07,714 INFO    whalescan.api.gamma: market listing: 168000 markets so far
2026-10-01 09:09:11,330 INFO    whalescan.api.gamma: market listing: 170000 markets so far
2026-10-01 09:09:14,379 INFO    whalescan.api.gamma: market listing: 172000 markets so far
2026-10-01 09:09:17,388 INFO    whalescan.api.gamma: market listing: 174000 markets so far
2026-10-01 09:09:20,443 INFO    whalescan.api.gamma: market listing: 176000 markets so far
2026-10-01 09:09:23,598 INFO    whalescan.api.gamma: market listing: 178000 markets so far
2026-10-01 09:09:26,857 INFO    whalescan.api.gamma: market listing: 180000 markets so far
2026-10-01 09:09:29,871 INFO    whalescan.api.gamma: market listing: 182000 markets so far
2026-10-01 09:09:32,914 INFO    whalescan.api.gamma: market listing: 184000 markets so far
2026-10-01 09:09:36,082 INFO    whalescan.api.gamma: market listing: 186000 markets so far
2026-10-01 09:09:39,252 INFO    whalescan.api.gamma: market listing: 188000 markets so far
2026-10-01 09:09:42,316 INFO    whalescan.api.gamma: market listing: 190000 markets so far
2026-10-01 09:09:45,323 INFO    whalescan.api.gamma: market listing: 192000 markets so far
2026-10-01 09:09:48,395 INFO    whalescan.api.gamma: market listing: 194000 markets so far
2026-10-01 09:09:51,471 INFO    whalescan.api.gamma: market listing: 196000 markets so far
2026-10-01 09:09:54,538 INFO    whalescan.api.gamma: market listing: 198000 markets so far
2026-10-01 09:09:57,559 INFO    whalescan.api.gamma: market listing: 200000 markets so far
2026-10-01 09:10:00,670 INFO    whalescan.api.gamma: market listing: 202000 markets so far
2026-10-01 09:10:03,791 INFO    whalescan.api.gamma: market listing: 204000 markets so far
2026-10-01 09:10:06,978 INFO    whalescan.api.gamma: market listing: 206000 markets so far
2026-10-01 09:10:10,199 INFO    whalescan.api.gamma: market listing: 208000 markets so far
2026-10-01 09:10:13,211 INFO    whalescan.api.gamma: market listing: 210000 markets so far
2026-10-01 09:10:16,430 INFO    whalescan.api.gamma: market listing: 212000 markets so far
2026-10-01 09:10:19,515 INFO    whalescan.api.gamma: market listing: 214000 markets so far
2026-10-01 09:10:22,936 INFO    whalescan.api.gamma: market listing: 216000 markets so far
2026-10-01 09:10:25,965 INFO    whalescan.api.gamma: market listing: 218000 markets so far
2026-10-01 09:10:29,295 INFO    whalescan.api.gamma: market listing: 220000 markets so far
2026-10-01 09:10:32,313 INFO    whalescan.api.gamma: market listing: 222000 markets so far
2026-10-01 09:10:35,307 INFO    whalescan.api.gamma: market listing: 224000 markets so far
2026-10-01 09:10:38,584 INFO    whalescan.api.gamma: market listing: 226000 markets so far
2026-10-01 09:10:41,757 INFO    whalescan.api.gamma: market listing: 228000 markets so far
2026-10-01 09:10:44,660 INFO    whalescan.api.gamma: market listing: 230000 markets so far
2026-10-01 09:10:48,040 INFO    whalescan.api.gamma: market listing: 232000 markets so far
2026-10-01 09:10:51,213 INFO    whalescan.api.gamma: market listing: 234000 markets so far
2026-10-01 09:10:56,185 INFO    whalescan.api.gamma: market listing: 2000 markets so far
2026-10-01 09:10:59,290 INFO    whalescan.api.gamma: market listing: 4000 markets so far
2026-10-01 09:12:28,076 INFO    whalescan.history: history: 16354 studied markets (12635 resolved, 3719 open)
2026-10-01 09:12:31,158 INFO    whalescan.api.gamma: market listing: 2000 markets so far
2026-10-01 09:12:34,167 INFO    whalescan.api.gamma: market listing: 4000 markets so far
2026-10-01 09:12:36,911 INFO    whalescan.api.http: retrying https://gamma-api.polymarket.com/markets/keyset in 0.0s (HTTP 429)
2026-10-01 09:12:36,926 INFO    whalescan.api.http: retrying https://gamma-api.polymarket.com/markets/keyset in 0.0s (HTTP 429)
2026-10-01 09:12:36,942 INFO    whalescan.api.http: retrying https://gamma-api.polymarket.com/markets/keyset in 0.0s (HTTP 429)
2026-10-01 09:12:36,958 INFO    whalescan.api.http: retrying https://gamma-api.polymarket.com/markets/keyset in 0.0s (HTTP 429)
2026-10-01 09:12:36,977 INFO    whalescan.api.http: retrying https://gamma-api.polymarket.com/markets/keyset in 0.0s (HTTP 429)
Traceback (most recent call last):
  File "/Users/tadekszarzynski/Developer/whalescan/.venv/bin/whalescan", line 10, in <module>
    sys.exit(main())
             ^^^^^^
  File "/Users/tadekszarzynski/Developer/whalescan/src/whalescan/cli.py", line 92, in main
    h = asyncio.run(run_history(cfg))
        ^^^^^^^^^^^^^^^^^^^^^^^^^^^^^
  File "/Users/tadekszarzynski/.local/share/uv/python/cpython-3.12.14-macos-aarch64-none/lib/python3.12/asyncio/runners.py", line 195, in run
    return runner.run(main)
           ^^^^^^^^^^^^^^^^
  File "/Users/tadekszarzynski/.local/share/uv/python/cpython-3.12.14-macos-aarch64-none/lib/python3.12/asyncio/runners.py", line 118, in run
    return self._loop.run_until_complete(task)
           ^^^^^^^^^^^^^^^^^^^^^^^^^^^^^^^^^^^
  File "/Users/tadekszarzynski/.local/share/uv/python/cpython-3.12.14-macos-aarch64-none/lib/python3.12/asyncio/base_events.py", line 691, in run_until_complete
    return future.result()
           ^^^^^^^^^^^^^^^
  File "/Users/tadekszarzynski/Developer/whalescan/src/whalescan/history.py", line 243, in run_history
    return await build_history(apis, store, cfg, now)
           ^^^^^^^^^^^^^^^^^^^^^^^^^^^^^^^^^^^^^^^^^^
  File "/Users/tadekszarzynski/Developer/whalescan/src/whalescan/history.py", line 118, in build_history
    cov_closed = [m for m in await apis.gamma.listed_markets(closed=True, end_min_ts=cov_start, end_max_ts=now,
                             ^^^^^^^^^^^^^^^^^^^^^^^^^^^^^^^^^^^^^^^^^^^^^^^^^^^^^^^^^^^^^^^^^^^^^^^^^^^^^^^^^^
  File "/Users/tadekszarzynski/Developer/whalescan/src/whalescan/api/gamma.py", line 90, in listed_markets
    page = await self._http.get_json(f"{GAMMA_API}/markets/keyset",
           ^^^^^^^^^^^^^^^^^^^^^^^^^^^^^^^^^^^^^^^^^^^^^^^^^^^^^^^^
  File "/Users/tadekszarzynski/Developer/whalescan/src/whalescan/api/http.py", line 123, in get_json
    raise ApiError(f"giving up on {url} after {self._max_retries + 1} attempts: {last}")
whalescan.api.http.ApiError: giving up on https://gamma-api.polymarket.com/markets/keyset after 6 attempts: HTTP 429
